2025-01-28 04:03:20  INFO tma.c:tma:120: STARTING TMA
\n\n
2025-01-28 04:17:50  INFO ====================================================================
2025-01-28 04:17:50  INFO STARTING TMA
2025-01-28 04:17:50  INFO CONNECTION OPENED
2025-01-28 04:17:50 DEBUG addr: 192.168.0.70 port: 55598
2025-01-28 04:17:53  INFO I receive a message: {"id":1,"method":"wheather"}
 (size: 29, type: 1), from: 192.168.0.70

2025-01-28 04:17:53  INFO Responced: {"id":1,"result":{"temp":4,"feels":1,"humidity":93,"code":296}}
 (size: 64, type: 1), from: 192.168.0.70

2025-01-28 04:17:54  INFO I receive a message: GOT `{"id":1,"result":{"temp":4,"feels":1,"humidity":93,"code":296}}'
RES `'
 (size: 77, type: 1), from: 192.168.0.70

2025-01-28 04:17:54  INFO I receive a message: {"id":1,"method":"heartbeat"}
 (size: 30, type: 1), from: 192.168.0.70

2025-01-28 04:17:54  INFO Responced: {"id":1,"result":"ok"}
 (size: 23, type: 1), from: 192.168.0.70

\n\n
2025-01-28 04:24:21  INFO ====================================================================
2025-01-28 04:24:21  INFO STARTING TMA
2025-01-28 04:24:22  INFO CONNECTION OPENED
2025-01-28 04:24:22 DEBUG addr: 192.168.0.70
2025-01-28 04:24:22 DEBUG port: 55987
2025-01-28 04:24:25  INFO RECV: `BOOTING UP
`
2025-01-28 04:24:25 DEBUG size: 11
2025-01-28 04:24:25 DEBUG type: 1
2025-01-28 04:24:25 DEBUG from: 192.168.0.70
2025-01-28 04:24:25  INFO RECV: `{"id":1,"method":"boot"}
`
2025-01-28 04:24:25 DEBUG size: 25
2025-01-28 04:24:25 DEBUG type: 1
2025-01-28 04:24:25 DEBUG from: 192.168.0.70
2025-01-28 04:24:25  INFO SEND: `{"id":1,"result":"ok"}
`
2025-01-28 04:24:25 DEBUG size: 23
2025-01-28 04:24:25 DEBUG type: 1
2025-01-28 04:24:25 DEBUG from: 192.168.0.70
2025-01-28 04:24:25  INFO RECV: `GOT `{"id":1,"result":"ok"}'
RES `ok'
`
2025-01-28 04:24:25 DEBUG size: 38
2025-01-28 04:24:25 DEBUG type: 1
2025-01-28 04:24:25 DEBUG from: 192.168.0.70
2025-01-28 04:24:25  INFO RECV: `{"id":1,"method":"time"}
`
2025-01-28 04:24:25 DEBUG size: 25
2025-01-28 04:24:25 DEBUG type: 1
2025-01-28 04:24:25 DEBUG from: 192.168.0.70
2025-01-28 04:24:25  INFO SEND: `{"id":1,"result":"2025-01-28T04:24:25.000Z"}
`
2025-01-28 04:24:25 DEBUG size: 45
2025-01-28 04:24:25 DEBUG type: 1
2025-01-28 04:24:25 DEBUG from: 192.168.0.70
2025-01-28 04:24:26  INFO RECV: `GOT `{"id":1,"result":"2025-01-28T04:24:25.000Z"}'
RES `2025-01-28T04:24:25.000Z'
`
2025-01-28 04:24:26 DEBUG size: 82
2025-01-28 04:24:26 DEBUG type: 1
2025-01-28 04:24:26 DEBUG from: 192.168.0.70
2025-01-28 04:24:26  INFO RECV: `{"id":1,"method":"wheather"}
`
2025-01-28 04:24:26 DEBUG size: 29
2025-01-28 04:24:26 DEBUG type: 1
2025-01-28 04:24:26 DEBUG from: 192.168.0.70
2025-01-28 04:24:26  INFO SEND: `{"id":1,"result":{"temp":4,"feels":1,"humidity":93,"code":296}}
`
2025-01-28 04:24:26 DEBUG size: 64
2025-01-28 04:24:26 DEBUG type: 1
2025-01-28 04:24:26 DEBUG from: 192.168.0.70
2025-01-28 04:24:26  INFO RECV: `GOT `{"id":1,"result":{"temp":4,"feels":1,"humidity":93,"code":296}}'
RES `'
`
2025-01-28 04:24:26 DEBUG size: 77
2025-01-28 04:24:26 DEBUG type: 1
2025-01-28 04:24:26 DEBUG from: 192.168.0.70
\n\n
2025-01-28 04:25:23  INFO ====================================================================
2025-01-28 04:25:23  INFO STARTING TMA
2025-01-28 04:25:24  INFO CONNECTION OPENED
2025-01-28 04:25:24 DEBUG addr: 192.168.0.70
2025-01-28 04:25:24 DEBUG port: 56044
2025-01-28 04:25:25  INFO RECV: `{"id":1,"method":"heartbeat"}
`
2025-01-28 04:25:25 DEBUG size: 30
2025-01-28 04:25:25 DEBUG type: 1
2025-01-28 04:25:25 DEBUG from: 192.168.0.70
\n\n
2025-01-28 04:25:57  INFO ====================================================================
2025-01-28 04:25:57  INFO STARTING TMA
2025-01-28 04:25:57  INFO CONNECTION OPENED
2025-01-28 04:25:57 DEBUG addr: 192.168.0.70
2025-01-28 04:25:57 DEBUG port: 56076
\n\n
2025-01-28 04:26:01  INFO ====================================================================
2025-01-28 04:26:01  INFO STARTING TMA
2025-01-28 04:26:02  INFO CONNECTION OPENED
2025-01-28 04:26:02 DEBUG addr: 192.168.0.70
2025-01-28 04:26:02 DEBUG port: 56080
\n\n
2025-01-28 04:26:28  INFO ====================================================================
2025-01-28 04:26:28  INFO STARTING TMA
2025-01-28 04:26:28  INFO CONNECTION OPENED
2025-01-28 04:26:28 DEBUG addr: 192.168.0.70
2025-01-28 04:26:28 DEBUG port: 56105
2025-01-28 04:26:50  INFO ====================================================================
2025-01-28 04:26:50  INFO STARTING TMA
2025-01-28 04:26:51  INFO CONNECTION OPENED
2025-01-28 04:26:51 DEBUG addr: 192.168.0.70
2025-01-28 04:26:51 DEBUG port: 56127
2025-01-28 04:27:43  INFO ====================================================================
2025-01-28 04:27:43  INFO STARTING TMA
2025-01-28 04:27:44  INFO CONNECTION OPENED
2025-01-28 04:27:44 DEBUG addr: 192.168.0.70
2025-01-28 04:27:44 DEBUG port: 56179
2025-01-28 04:27:59  INFO ====================================================================
2025-01-28 04:27:59  INFO STARTING TMA
2025-01-28 04:28:00  INFO CONNECTION OPENED
2025-01-28 04:28:00 DEBUG addr: 192.168.0.70
2025-01-28 04:28:00 DEBUG port: 56193
2025-01-28 04:28:02  INFO RECV: `BOOTING UP
`
2025-01-28 04:28:02 DEBUG size: 11
2025-01-28 04:28:02 DEBUG type: 1
2025-01-28 04:28:02 DEBUG from: 192.168.0.70
2025-01-28 04:28:02  INFO RECV: `{"id":1,"method":"boot"}
`
2025-01-28 04:28:02 DEBUG size: 25
2025-01-28 04:28:02 DEBUG type: 1
2025-01-28 04:28:02 DEBUG from: 192.168.0.70
2025-01-28 04:28:02  INFO SEND: `{"id":1,"result":"ok"}
`
2025-01-28 04:28:02 DEBUG size: 23
2025-01-28 04:28:02 DEBUG type: 1
2025-01-28 04:28:02 DEBUG from: 192.168.0.70
2025-01-28 04:28:02  INFO RECV: `GOT `{"id":1,"result":"ok"}'
RES `ok'
`
2025-01-28 04:28:02 DEBUG size: 38
2025-01-28 04:28:02 DEBUG type: 1
2025-01-28 04:28:02 DEBUG from: 192.168.0.70
2025-01-28 04:28:02  INFO RECV: `{"id":1,"method":"time"}
`
2025-01-28 04:28:02 DEBUG size: 25
2025-01-28 04:28:02 DEBUG type: 1
2025-01-28 04:28:02 DEBUG from: 192.168.0.70
2025-01-28 04:28:02  INFO SEND: `{"id":1,"result":"2025-01-28T04:28:02.000Z"}
`
2025-01-28 04:28:02 DEBUG size: 45
2025-01-28 04:28:02 DEBUG type: 1
2025-01-28 04:28:02 DEBUG from: 192.168.0.70
2025-01-28 04:28:03  INFO RECV: `GOT `{"id":1,"result":"2025-01-28T04:28:02.000Z"}'
RES `2025-01-28T04:28:02.000Z'
`
2025-01-28 04:28:03 DEBUG size: 82
2025-01-28 04:28:03 DEBUG type: 1
2025-01-28 04:28:03 DEBUG from: 192.168.0.70
2025-01-28 04:28:03  INFO RECV: `{"id":1,"method":"wheather"}
`
2025-01-28 04:28:03 DEBUG size: 29
2025-01-28 04:28:03 DEBUG type: 1
2025-01-28 04:28:03 DEBUG from: 192.168.0.70
2025-01-28 04:28:03  INFO SEND: `{"id":1,"result":{"temp":4,"feels":1,"humidity":93,"code":296}}
`
2025-01-28 04:28:03 DEBUG size: 64
2025-01-28 04:28:03 DEBUG type: 1
2025-01-28 04:28:03 DEBUG from: 192.168.0.70
2025-01-28 04:28:03  INFO RECV: `GOT `{"id":1,"result":{"temp":4,"feels":1,"humidity":93,"code":296}}'
RES `'
`
2025-01-28 04:28:03 DEBUG size: 77
2025-01-28 04:28:03 DEBUG type: 1
2025-01-28 04:28:03 DEBUG from: 192.168.0.70
2025-01-28 04:28:12  INFO RECV: `{"id":1,"method":"wheather"}
`
2025-01-28 04:28:12 DEBUG size: 29
2025-01-28 04:28:12 DEBUG type: 1
2025-01-28 04:28:12 DEBUG from: 192.168.0.70
2025-01-28 04:28:12  INFO SEND: `{"id":1,"result":{"temp":4,"feels":1,"humidity":93,"code":296}}
`
2025-01-28 04:28:12 DEBUG size: 64
2025-01-28 04:28:12 DEBUG type: 1
2025-01-28 04:28:12 DEBUG from: 192.168.0.70
2025-01-28 04:28:12  INFO RECV: `GOT `{"id":1,"result":{"temp":4,"feels":1,"humidity":93,"code":296}}'
RES `'
`
2025-01-28 04:28:12 DEBUG size: 77
2025-01-28 04:28:12 DEBUG type: 1
2025-01-28 04:28:12 DEBUG from: 192.168.0.70
2025-01-28 04:28:23  INFO RECV: `{"id":1,"method":"wheather"}
`
2025-01-28 04:28:23 DEBUG size: 29
2025-01-28 04:28:23 DEBUG type: 1
2025-01-28 04:28:23 DEBUG from: 192.168.0.70
2025-01-28 04:28:23  INFO SEND: `{"id":1,"result":{"temp":4,"feels":1,"humidity":93,"code":296}}
`
2025-01-28 04:28:23 DEBUG size: 64
2025-01-28 04:28:23 DEBUG type: 1
2025-01-28 04:28:23 DEBUG from: 192.168.0.70
2025-01-28 04:28:23  INFO RECV: `GOT `{"id":1,"result":{"temp":4,"feels":1,"humidity":93,"code":296}}'
RES `'
`
2025-01-28 04:28:23 DEBUG size: 77
2025-01-28 04:28:23 DEBUG type: 1
2025-01-28 04:28:23 DEBUG from: 192.168.0.70
2025-01-28 04:28:33  INFO RECV: `{"id":1,"method":"wheather"}
`
2025-01-28 04:28:33 DEBUG size: 29
2025-01-28 04:28:33 DEBUG type: 1
2025-01-28 04:28:33 DEBUG from: 192.168.0.70
2025-01-28 04:28:33  INFO SEND: `{"id":1,"result":{"temp":4,"feels":1,"humidity":93,"code":296}}
`
2025-01-28 04:28:33 DEBUG size: 64
2025-01-28 04:28:33 DEBUG type: 1
2025-01-28 04:28:33 DEBUG from: 192.168.0.70
2025-01-28 04:28:33  INFO RECV: `GOT `{"id":1,"result":{"temp":4,"feels":1,"humidity":93,"code":296}}'
RES `'
`
2025-01-28 04:28:33 DEBUG size: 77
2025-01-28 04:28:33 DEBUG type: 1
2025-01-28 04:28:33 DEBUG from: 192.168.0.70
2025-01-28 04:28:44  INFO RECV: `{"id":1,"method":"wheather"}
`
2025-01-28 04:28:44 DEBUG size: 29
2025-01-28 04:28:44 DEBUG type: 1
2025-01-28 04:28:44 DEBUG from: 192.168.0.70
2025-01-28 04:28:44  INFO SEND: `{"id":1,"result":{"temp":4,"feels":1,"humidity":93,"code":296}}
`
2025-01-28 04:28:44 DEBUG size: 64
2025-01-28 04:28:44 DEBUG type: 1
2025-01-28 04:28:44 DEBUG from: 192.168.0.70
2025-01-28 04:28:44  INFO RECV: `GOT `{"id":1,"result":{"temp":4,"feels":1,"humidity":93,"code":296}}'
RES `'
`
2025-01-28 04:28:44 DEBUG size: 77
2025-01-28 04:28:44 DEBUG type: 1
2025-01-28 04:28:44 DEBUG from: 192.168.0.70
2025-01-28 04:28:54  INFO RECV: `{"id":1,"method":"wheather"}
`
2025-01-28 04:28:54 DEBUG size: 29
2025-01-28 04:28:54 DEBUG type: 1
2025-01-28 04:28:54 DEBUG from: 192.168.0.70
2025-01-28 04:28:55  INFO SEND: `{"id":1,"result":{"temp":4,"feels":1,"humidity":93,"code":296}}
`
2025-01-28 04:28:55 DEBUG size: 64
2025-01-28 04:28:55 DEBUG type: 1
2025-01-28 04:28:55 DEBUG from: 192.168.0.70
2025-01-28 04:28:55  INFO RECV: `GOT `{"id":1,"result":{"temp":4,"feels":1,"humidity":93,"code":296}}'
RES `'
`
2025-01-28 04:28:55 DEBUG size: 77
2025-01-28 04:28:55 DEBUG type: 1
2025-01-28 04:28:55 DEBUG from: 192.168.0.70
2025-01-28 04:29:02  INFO RECV: `{"id":1,"method":"heartbeat"}
`
2025-01-28 04:29:02 DEBUG size: 30
2025-01-28 04:29:02 DEBUG type: 1
2025-01-28 04:29:02 DEBUG from: 192.168.0.70
2025-01-28 04:29:02  INFO SEND: `{"id":1,"result":"ok"}
`
2025-01-28 04:29:02 DEBUG size: 23
2025-01-28 04:29:02 DEBUG type: 1
2025-01-28 04:29:02 DEBUG from: 192.168.0.70
2025-01-28 04:29:02  INFO RECV: `GOT `{"id":1,"result":"ok"}'
RES `ok'
`
2025-01-28 04:29:02 DEBUG size: 38
2025-01-28 04:29:02 DEBUG type: 1
2025-01-28 04:29:02 DEBUG from: 192.168.0.70
2025-01-28 04:29:05  INFO RECV: `{"id":1,"method":"wheather"}
`
2025-01-28 04:29:05 DEBUG size: 29
2025-01-28 04:29:05 DEBUG type: 1
2025-01-28 04:29:05 DEBUG from: 192.168.0.70
2025-01-28 04:29:05  INFO SEND: `{"id":1,"result":{"temp":4,"feels":1,"humidity":93,"code":296}}
`
2025-01-28 04:29:05 DEBUG size: 64
2025-01-28 04:29:05 DEBUG type: 1
2025-01-28 04:29:05 DEBUG from: 192.168.0.70
2025-01-28 04:29:05  INFO RECV: `GOT `{"id":1,"result":{"temp":4,"feels":1,"humidity":93,"code":296}}'
RES `'
`
2025-01-28 04:29:05 DEBUG size: 77
2025-01-28 04:29:05 DEBUG type: 1
2025-01-28 04:29:05 DEBUG from: 192.168.0.70
2025-01-28 04:29:15  INFO RECV: `{"id":1,"method":"wheather"}
`
2025-01-28 04:29:15 DEBUG size: 29
2025-01-28 04:29:15 DEBUG type: 1
2025-01-28 04:29:15 DEBUG from: 192.168.0.70
2025-01-28 04:29:16  INFO SEND: `{"id":1,"result":{"temp":4,"feels":1,"humidity":93,"code":296}}
`
2025-01-28 04:29:16 DEBUG size: 64
2025-01-28 04:29:16 DEBUG type: 1
2025-01-28 04:29:16 DEBUG from: 192.168.0.70
2025-01-28 04:29:16  INFO RECV: `GOT `{"id":1,"result":{"temp":4,"feels":1,"humidity":93,"code":296}}'
RES `'
`
2025-01-28 04:29:16 DEBUG size: 77
2025-01-28 04:29:16 DEBUG type: 1
2025-01-28 04:29:16 DEBUG from: 192.168.0.70
2025-01-28 04:29:26  INFO RECV: `{"id":1,"method":"wheather"}
`
2025-01-28 04:29:26 DEBUG size: 29
2025-01-28 04:29:26 DEBUG type: 1
2025-01-28 04:29:26 DEBUG from: 192.168.0.70
2025-01-28 04:29:26  INFO SEND: `{"id":1,"result":{"temp":4,"feels":1,"humidity":93,"code":296}}
`
2025-01-28 04:29:26 DEBUG size: 64
2025-01-28 04:29:26 DEBUG type: 1
2025-01-28 04:29:26 DEBUG from: 192.168.0.70
2025-01-28 04:29:26  INFO RECV: `GOT `{"id":1,"result":{"temp":4,"feels":1,"humidity":93,"code":296}}'
RES `'
`
2025-01-28 04:29:26 DEBUG size: 77
2025-01-28 04:29:26 DEBUG type: 1
2025-01-28 04:29:26 DEBUG from: 192.168.0.70
2025-01-28 04:29:34  INFO ====================================================================
2025-01-28 04:29:34  INFO STARTING TMA
2025-01-28 04:29:35  INFO CONNECTION OPENED
2025-01-28 04:29:35 DEBUG addr: 192.168.0.70
2025-01-28 04:29:35 DEBUG port: 56195
2025-01-28 04:29:47  INFO ====================================================================
2025-01-28 04:29:47  INFO STARTING TMA
2025-01-28 04:29:48  INFO CONNECTION OPENED
2025-01-28 04:29:48 DEBUG addr: 192.168.0.70
2025-01-28 04:29:48 DEBUG port: 56207
2025-01-28 04:30:01  INFO ====================================================================
2025-01-28 04:30:01  INFO STARTING TMA
2025-01-28 04:30:02  INFO CONNECTION OPENED
2025-01-28 04:30:02 DEBUG addr: 192.168.0.70
2025-01-28 04:30:02 DEBUG port: 56220
2025-01-28 04:30:02  INFO RECV: `BOOTING UP
`
2025-01-28 04:30:02 DEBUG size: 11
2025-01-28 04:30:02 DEBUG type: 1
2025-01-28 04:30:02 DEBUG from: 192.168.0.70
2025-01-28 04:30:03  INFO RECV: `{"id":1,"method":"boot"}
`
2025-01-28 04:30:03 DEBUG size: 25
2025-01-28 04:30:03 DEBUG type: 1
2025-01-28 04:30:03 DEBUG from: 192.168.0.70
2025-01-28 04:30:03  INFO SEND: `{"id":1,"result":"ok"}
`
2025-01-28 04:30:03 DEBUG size: 23
2025-01-28 04:30:03 DEBUG type: 1
2025-01-28 04:30:03 DEBUG from: 192.168.0.70
2025-01-28 04:30:03  INFO RECV: `GOT `{"id":1,"result":"ok"}'
RES `ok'
`
2025-01-28 04:30:03 DEBUG size: 38
2025-01-28 04:30:03 DEBUG type: 1
2025-01-28 04:30:03 DEBUG from: 192.168.0.70
2025-01-28 04:30:03  INFO RECV: `{"id":1,"method":"time"}
`
2025-01-28 04:30:03 DEBUG size: 25
2025-01-28 04:30:03 DEBUG type: 1
2025-01-28 04:30:03 DEBUG from: 192.168.0.70
2025-01-28 04:30:03  INFO SEND: `{"id":1,"result":"2025-01-28T04:30:03.000Z"}
`
2025-01-28 04:30:03 DEBUG size: 45
2025-01-28 04:30:03 DEBUG type: 1
2025-01-28 04:30:03 DEBUG from: 192.168.0.70
2025-01-28 04:30:03  INFO RECV: `GOT `{"id":1,"result":"2025-01-28T04:30:03.000Z"}'
RES `2025-01-28T04:30:03.000Z'
{"id":1,"method":"wheather"}
`
2025-01-28 04:30:03 DEBUG size: 111
2025-01-28 04:30:03 DEBUG type: 1
2025-01-28 04:30:03 DEBUG from: 192.168.0.70
2025-01-28 04:30:08  INFO RECV: `{"id":1,"method":"wheather"}
`
2025-01-28 04:30:08 DEBUG size: 29
2025-01-28 04:30:08 DEBUG type: 1
2025-01-28 04:30:08 DEBUG from: 192.168.0.70
2025-01-28 04:30:10  INFO SEND: `{"id":1,"result":{"temp":4,"feels":1,"humidity":93,"code":296}}
`
2025-01-28 04:30:10 DEBUG size: 64
2025-01-28 04:30:10 DEBUG type: 1
2025-01-28 04:30:10 DEBUG from: 192.168.0.70
2025-01-28 04:30:11  INFO RECV: `GOT `{"id":1,"result":{"temp":4,"feels":1,"humidity":93,"code":296}}'
RES `'
`
2025-01-28 04:30:11 DEBUG size: 77
2025-01-28 04:30:11 DEBUG type: 1
2025-01-28 04:30:11 DEBUG from: 192.168.0.70
2025-01-28 04:30:12  INFO RECV: `{"id":1,"method":"wheather"}
`
2025-01-28 04:30:12 DEBUG size: 29
2025-01-28 04:30:12 DEBUG type: 1
2025-01-28 04:30:12 DEBUG from: 192.168.0.70
2025-01-28 04:30:14  INFO SEND: `{"id":1,"result":{"temp":4,"feels":1,"humidity":93,"code":296}}
`
2025-01-28 04:30:14 DEBUG size: 64
2025-01-28 04:30:14 DEBUG type: 1
2025-01-28 04:30:14 DEBUG from: 192.168.0.70
2025-01-28 04:30:14  INFO RECV: `GOT `{"id":1,"result":{"temp":4,"feels":1,"humidity":93,"code":296}}'
RES `'
`
2025-01-28 04:30:14 DEBUG size: 77
2025-01-28 04:30:14 DEBUG type: 1
2025-01-28 04:30:14 DEBUG from: 192.168.0.70
2025-01-28 04:30:24  INFO RECV: `{"id":1,"method":"wheather"}
`
2025-01-28 04:30:24 DEBUG size: 29
2025-01-28 04:30:24 DEBUG type: 1
2025-01-28 04:30:24 DEBUG from: 192.168.0.70
2025-01-28 04:30:24  INFO SEND: `{"id":1,"result":{"temp":4,"feels":1,"humidity":93,"code":296}}
`
2025-01-28 04:30:24 DEBUG size: 64
2025-01-28 04:30:24 DEBUG type: 1
2025-01-28 04:30:24 DEBUG from: 192.168.0.70
2025-01-28 04:30:25  INFO RECV: `GOT `{"id":1,"result":{"temp":4,"feels":1,"humidity":93,"code":296}}'
RES `'
`
2025-01-28 04:30:25 DEBUG size: 77
2025-01-28 04:30:25 DEBUG type: 1
2025-01-28 04:30:25 DEBUG from: 192.168.0.70
2025-01-28 04:30:35  INFO RECV: `{"id":1,"method":"wheather"}
`
2025-01-28 04:30:35 DEBUG size: 29
2025-01-28 04:30:35 DEBUG type: 1
2025-01-28 04:30:35 DEBUG from: 192.168.0.70
2025-01-28 04:30:35  INFO SEND: `{"id":1,"result":{"temp":4,"feels":1,"humidity":93,"code":296}}
`
2025-01-28 04:30:35 DEBUG size: 64
2025-01-28 04:30:35 DEBUG type: 1
2025-01-28 04:30:35 DEBUG from: 192.168.0.70
2025-01-28 04:30:35  INFO RECV: `GOT `{"id":1,"result":{"temp":4,"feels":1,"humidity":93,"code":296}}'
RES `'
`
2025-01-28 04:30:35 DEBUG size: 77
2025-01-28 04:30:35 DEBUG type: 1
2025-01-28 04:30:35 DEBUG from: 192.168.0.70
2025-01-28 04:30:43  INFO ====================================================================
2025-01-28 04:30:43  INFO STARTING TMA
2025-01-28 04:30:44  INFO CONNECTION OPENED
2025-01-28 04:30:45  INFO RECV: `BOOTING UP
`
2025-01-28 04:30:45  INFO RECV: `{"id":1,"method":"boot"}
`
2025-01-28 04:30:45  INFO SEND: `{"id":1,"result":"ok"}
`
2025-01-28 04:30:45  INFO RECV: `GOT `{"id":1,"result":"ok"}'
RES `ok'
`
2025-01-28 04:30:46  INFO RECV: `{"id":1,"method":"time"}
`
2025-01-28 04:30:46  INFO SEND: `{"id":1,"result":"2025-01-28T04:30:46.000Z"}
`
2025-01-28 04:30:46  INFO RECV: `GOT `{"id":1,"result":"2025-01-28T04:30:46.000Z"}'
RES `2025-01-28T04:30:46.000Z'
`
2025-01-28 04:30:46  INFO RECV: `{"id":1,"method":"wheather"}
`
2025-01-28 04:30:46  INFO SEND: `{"id":1,"result":{"temp":4,"feels":1,"humidity":93,"code":296}}
`
2025-01-28 04:30:46  INFO RECV: `GOT `{"id":1,"result":{"temp":4,"feels":1,"humidity":93,"code":296}}'
RES `'
`
2025-01-28 04:30:55  INFO RECV: `{"id":1,"method":"wheather"}
`
2025-01-28 04:30:55  INFO SEND: `{"id":1,"result":{"temp":4,"feels":1,"humidity":93,"code":296}}
`
2025-01-28 04:30:55  INFO RECV: `GOT `{"id":1,"result":{"temp":4,"feels":1,"humidity":93,"code":296}}'
RES `'
`
2025-01-28 04:31:06  INFO RECV: `{"id":1,"method":"wheather"}
`
2025-01-28 04:31:06  INFO SEND: `{"id":1,"result":{"temp":4,"feels":1,"humidity":93,"code":296}}
`
2025-01-28 04:31:06  INFO RECV: `GOT `{"id":1,"result":{"temp":4,"feels":1,"humidity":93,"code":296}}'
RES `'
`
2025-01-28 04:31:16  INFO RECV: `{"id":1,"method":"wheather"}
`
2025-01-28 04:31:16  INFO SEND: `{"id":1,"result":{"temp":4,"feels":1,"humidity":93,"code":296}}
`
2025-01-28 04:31:17  INFO RECV: `GOT `{"id":1,"result":{"temp":4,"feels":1,"humidity":93,"code":296}}'
RES `'
`
2025-01-28 04:31:27  INFO RECV: `{"id":1,"method":"wheather"}
`
2025-01-28 04:31:27  INFO SEND: `{"id":1,"result":{"temp":4,"feels":1,"humidity":93,"code":296}}
`
2025-01-28 04:31:27  INFO RECV: `GOT `{"id":1,"result":{"temp":4,"feels":1,"humidity":93,"code":296}}'
RES `'
`
2025-01-28 04:31:37  INFO RECV: `{"id":1,"method":"wheather"}
`
2025-01-28 04:31:37  INFO SEND: `{"id":1,"result":{"temp":4,"feels":1,"humidity":93,"code":296}}
`
2025-01-28 04:31:38  INFO RECV: `GOT `{"id":1,"result":{"temp":4,"feels":1,"humidity":93,"code":296}}'
RES `'
`
2025-01-28 04:31:45  INFO RECV: `{"id":1,"method":"heartbeat"}
`
2025-01-28 04:31:45  INFO SEND: `{"id":1,"result":"ok"}
`
2025-01-28 04:31:45  INFO RECV: `GOT `{"id":1,"result":"ok"}'
RES `ok'
`
2025-01-28 04:31:48  INFO RECV: `{"id":1,"method":"wheather"}
`
2025-01-28 04:31:48  INFO SEND: `{"id":1,"result":{"temp":4,"feels":1,"humidity":93,"code":296}}
`
2025-01-28 04:31:48  INFO RECV: `GOT `{"id":1,"result":{"temp":4,"feels":1,"humidity":93,"code":296}}'
RES `'
`
2025-01-28 04:31:58  INFO RECV: `{"id":1,"method":"wheather"}
`
2025-01-28 04:31:58  INFO SEND: `{"id":1,"result":{"temp":4,"feels":1,"humidity":93,"code":296}}
`
2025-01-28 04:31:58  INFO RECV: `GOT `{"id":1,"result":{"temp":4,"feels":1,"humidity":93,"code":296}}'
RES `'
`
2025-01-28 04:33:13  INFO ====================================================================
2025-01-28 04:33:13  INFO STARTING TMA
2025-01-28 04:33:13  INFO CONNECTION OPENED
2025-01-28 04:33:15  INFO RECV: `BOOTING UP`
2025-01-28 04:33:16  INFO RECV: `{"id":1,"method":"boot"}`
2025-01-28 04:33:16  INFO SEND: `{"id":1,"result":"ok"}
`
2025-01-28 04:33:16  INFO RECV: `GOT `{"id":1,"result":"ok"}'
RES `ok'`
2025-01-28 04:33:16  INFO RECV: `{"id":1,"method":"time"}`
2025-01-28 04:33:16  INFO SEND: `{"id":1,"result":"2025-01-28T04:33:16.000Z"}
`
2025-01-28 04:33:16  INFO RECV: `GOT `{"id":1,"result":"2025-01-28T04:33:16.000Z"}'
RES `2025-01-28T04:33:16.000Z'`
2025-01-28 04:33:16  INFO RECV: `{"id":1,"method":"wheather"}`
2025-01-28 04:33:16  INFO SEND: `{"id":1,"result":{"temp":4,"feels":1,"humidity":93,"code":296}}
`
2025-01-28 04:33:17  INFO RECV: `GOT `{"id":1,"result":{"temp":4,"feels":1,"humidity":93,"code":296}}'
RES `'`
2025-01-28 04:33:25  INFO RECV: `{"id":1,"method":"wheather"}`
2025-01-28 04:33:26  INFO SEND: `{"id":1,"result":{"temp":4,"feels":1,"humidity":93,"code":296}}
`
2025-01-28 04:33:26  INFO RECV: `GOT `{"id":1,"result":{"temp":4,"feels":1,"humidity":93,"code":296}}'
RES `'`
2025-01-28 04:33:36  INFO RECV: `{"id":1,"method":"wheather"}`
2025-01-28 04:33:36  INFO SEND: `{"id":1,"result":{"temp":4,"feels":1,"humidity":93,"code":296}}
`
2025-01-28 04:33:36  INFO RECV: `GOT `{"id":1,"result":{"temp":4,"feels":1,"humidity":93,"code":296}}'
RES `'`
2025-01-28 04:33:46  INFO RECV: `{"id":1,"method":"wheather"}`
2025-01-28 04:33:47  INFO SEND: `{"id":1,"result":{"temp":4,"feels":1,"humidity":93,"code":296}}
`
2025-01-28 04:33:47  INFO RECV: `GOT `{"id":1,"result":{"temp":4,"feels":1,"humidity":93,"code":296}}'
RES `'`
2025-01-28 04:33:57  INFO RECV: `{"id":1,"method":"wheather"}`
2025-01-28 04:33:57  INFO SEND: `{"id":1,"result":{"temp":4,"feels":1,"humidity":93,"code":296}}
`
2025-01-28 04:33:57  INFO RECV: `GOT `{"id":1,"result":{"temp":4,"feels":1,"humidity":93,"code":296}}'
RES `'`
2025-01-28 04:34:07  INFO RECV: `{"id":1,"method":"wheather"}`
2025-01-28 04:34:08  INFO SEND: `{"id":1,"result":{"temp":4,"feels":1,"humidity":93,"code":296}}
`
2025-01-28 04:34:08  INFO RECV: `GOT `{"id":1,"result":{"temp":4,"feels":1,"humidity":93,"code":296}}'
RES `'`
2025-01-28 04:34:16  INFO RECV: `{"id":1,"method":"heartbeat"}`
2025-01-28 04:34:16  INFO SEND: `{"id":1,"result":"ok"}
`
2025-01-28 04:34:16  INFO RECV: `GOT `{"id":1,"result":"ok"}'
RES `ok'`
2025-01-28 04:34:18  INFO RECV: `{"id":1,"method":"wheather"}`
2025-01-28 04:34:18  INFO SEND: `{"id":1,"result":{"temp":4,"feels":1,"humidity":93,"code":296}}
`
2025-01-28 04:34:18  INFO RECV: `GOT `{"id":1,"result":{"temp":4,"feels":1,"humidity":93,"code":296}}'
RES `'`
2025-01-28 04:34:28  INFO RECV: `{"id":1,"method":"wheather"}`
2025-01-28 04:34:29  INFO SEND: `{"id":1,"result":{"temp":4,"feels":1,"humidity":93,"code":296}}
`
2025-01-28 04:34:29  INFO RECV: `GOT `{"id":1,"result":{"temp":4,"feels":1,"humidity":93,"code":296}}'
RES `'`
2025-01-28 04:34:30  INFO ====================================================================
2025-01-28 04:34:30  INFO STARTING TMA
2025-01-28 04:34:31  INFO CONNECTION OPENED
2025-01-28 04:34:34  INFO RECV: `{"id":1,"method":"boot"}`
2025-01-28 04:34:34  INFO SEND: `{"id":1,"result":"ok"}
`
2025-01-28 04:34:34  INFO RECV: `{"id":1,"method":"time"}`
2025-01-28 04:34:34  INFO SEND: `{"id":1,"result":"2025-01-28T04:34:34.000Z"}
`
2025-01-28 04:34:34  INFO RECV: `{"id":1,"method":"wheather"}`
2025-01-28 04:34:34  INFO SEND: `{"id":1,"result":{"temp":4,"feels":1,"humidity":93,"code":296}}
`
2025-01-28 04:34:43  INFO RECV: `{"id":1,"method":"wheather"}`
2025-01-28 04:34:44  INFO SEND: `{"id":1,"result":{"temp":4,"feels":1,"humidity":93,"code":296}}
`
2025-01-28 04:34:54  INFO RECV: `{"id":1,"method":"wheather"}`
2025-01-28 04:34:54  INFO SEND: `{"id":1,"result":{"temp":4,"feels":1,"humidity":93,"code":296}}
`
2025-01-28 04:35:04  INFO RECV: `{"id":1,"method":"wheather"}`
2025-01-28 04:35:05  INFO SEND: `{"id":1,"result":{"temp":4,"feels":1,"humidity":93,"code":296}}
`
2025-01-28 04:35:15  INFO RECV: `{"id":1,"method":"wheather"}`
2025-01-28 04:35:15  INFO SEND: `{"id":1,"result":{"temp":4,"feels":1,"humidity":93,"code":296}}
`
2025-01-28 04:35:25  INFO RECV: `{"id":1,"method":"wheather"}`
2025-01-28 04:35:26  INFO SEND: `{"id":1,"result":{"temp":4,"feels":1,"humidity":93,"code":296}}
`
2025-01-28 04:35:33  INFO RECV: `{"id":1,"method":"heartbeat"}`
2025-01-28 04:35:33  INFO SEND: `{"id":1,"result":"ok"}
`
2025-01-28 04:35:36  INFO RECV: `{"id":1,"method":"wheather"}`
2025-01-28 04:35:36  INFO SEND: `{"id":1,"result":{"temp":4,"feels":1,"humidity":93,"code":296}}
`
2025-01-28 04:35:46  INFO RECV: `{"id":1,"method":"wheather"}`
2025-01-28 04:35:46  INFO SEND: `{"id":1,"result":{"temp":4,"feels":1,"humidity":93,"code":296}}
`
2025-01-28 04:35:57  INFO RECV: `{"id":1,"method":"wheather"}`
2025-01-28 04:35:57  INFO SEND: `{"id":1,"result":{"temp":4,"feels":1,"humidity":93,"code":296}}
`
2025-01-28 04:36:07  INFO RECV: `{"id":1,"method":"wheather"}`
2025-01-28 04:36:07  INFO SEND: `{"id":1,"result":{"temp":4,"feels":1,"humidity":93,"code":296}}
`
2025-01-28 04:36:17  INFO RECV: `{"id":1,"method":"wheather"}`
2025-01-28 04:36:18  INFO SEND: `{"id":1,"result":{"temp":4,"feels":1,"humidity":93,"code":296}}
`
2025-01-28 04:37:57  INFO ====================================================================
2025-01-28 04:37:57  INFO STARTING TMA
2025-01-28 04:37:58  INFO CONNECTION OPENED
2025-01-28 04:38:00  INFO RECV: `{"id":1,"method":"boot"}`
2025-01-28 04:38:00  INFO SEND: `{"id":1,"result":"ok"}`
2025-01-28 04:38:00  INFO RECV: `{"id":1,"method":"time"}`
2025-01-28 04:38:00  INFO SEND: `{"id":1,"result":"2025-01-28T04:38:00.000Z"}`
2025-01-28 04:38:06  INFO RECV: `{"id":1,"method":"wheather"}`
2025-01-28 04:38:06  INFO SEND: `{"id":1,"result":{"temp":4,"feels":1,"humidity":93,"code":296}}`
2025-01-28 04:39:31  INFO ====================================================================
2025-01-28 04:39:31  INFO STARTING TMA
2025-01-28 04:39:32  INFO CONNECTION OPENED
2025-01-28 04:39:34  INFO [35mRECV[0m: `{"id":1,"method":"boot"}`
2025-01-28 04:39:34  INFO [36mSEND[0m: `{"id":1,"result":"ok"}`
2025-01-28 04:39:34  INFO [35mRECV[0m: `{"id":1,"method":"time"}`
2025-01-28 04:39:34  INFO [36mSEND[0m: `{"id":1,"result":"2025-01-28T04:39:34.000Z"}`
2025-01-28 04:39:34  INFO [35mRECV[0m: `{"id":1,"method":"wheather"}`
2025-01-28 04:39:34  INFO [36mSEND[0m: `{"id":1,"result":{"temp":4,"feels":1,"humidity":93,"code":296}}`
2025-01-28 04:39:43  INFO [35mRECV[0m: `{"id":1,"method":"wheather"}`
2025-01-28 04:39:43  INFO [36mSEND[0m: `{"id":1,"result":{"temp":4,"feels":1,"humidity":93,"code":296}}`
2025-01-28 04:39:54  INFO [35mRECV[0m: `{"id":1,"method":"wheather"}`
2025-01-28 04:39:54  INFO [36mSEND[0m: `{"id":1,"result":{"temp":4,"feels":1,"humidity":93,"code":296}}`
2025-01-28 04:40:04  INFO [35mRECV[0m: `{"id":1,"method":"wheather"}`
2025-01-28 04:40:05  INFO [36mSEND[0m: `{"id":1,"result":{"temp":4,"feels":1,"humidity":93,"code":296}}`
